// Jest Snapshot v1, https://goo.gl/fbAQLP

exports[`testing the rendering of the canvas component 1`] = `
<canvas
  height={1000}
  width={1000}
/>
`;
