// Jest Snapshot v1, https://goo.gl/fbAQLP

exports[`renders Leaderboard component when status is false 1`] = `
<div
  className="leaderboardParent"
/>
`;

exports[`should render the Leaderboard component when the status is false 1`] = `
<div
  className="leaderboardParent"
/>
`;
